[2026-05-11T12:13:52.544] error: pyxis: container start failed with error code: 1
[2026-05-11T12:13:52.545] error: pyxis: printing enroot log file:
[2026-05-11T12:13:52.545] error: pyxis:     tail: write error: Disk quota exceeded
[2026-05-11T12:13:52.545] error: pyxis:     head: write error: Disk quota exceeded
[2026-05-11T12:13:52.545] error: pyxis:     nvidia-container-cli: ldcache error: process /usr/sbin/ldconfig failed with error code: 1
[2026-05-11T12:13:52.545] error: pyxis:     [ERROR] /etc/enroot/hooks.d/98-nvidia.sh exited with return code 1
[2026-05-11T12:13:52.545] error: pyxis: couldn't start container
[2026-05-11T12:13:52.546] error: spank: required plugin spank_pyxis.so: task_init() failed with rc=-1
[2026-05-11T12:13:52.546] error: Failed to invoke spank plugin stack

============================= JOB FEEDBACK =============================

NodeName=uc3n082
Job ID: 4644358
Cluster: uc3
User/Group: ul_ekd37/ul_student
State: FAILED (exit code 1)
Nodes: 1
Cores per node: 96
CPU Utilized: 00:00:00
CPU Efficiency: 0.00% of 00:33:36 core-walltime
Job Wall-clock time: 00:00:21
Memory Utilized: 34.70 MB
Memory Efficiency: 0.01% of 377.54 GB (377.54 GB/node)
